
> pcrf-fms-dashboard@1.0.0 dev
> vite


  VITE v5.4.21  ready in 1726 ms

  ➜  Local:   http://localhost:5173/
  ➜  Network: use --host to expose
node.exe : 3:26:32 AM [vite] ws proxy error:
At line:1 char:1
+ & "C:\Program Files\nodejs/node.exe" "C:\Users\ismai\AppData\Roaming\ ...
+ ~~~~~~~~~~~~~~~~~~~~~~~~~~~~~~~~~~~~~~~~~~~~~~~~~~~~~~~~~~~~~~~~~~~~~
    + CategoryInfo          : NotSpecified: (3:26:32 AM [vite] ws proxy error::String) [], RemoteException
    + FullyQualifiedErrorId : NativeCommandError
 
Error: read ECONNRESET
    at TCP.onStreamRead (node:internal/stream_base_commons:216:20)
3:26:32 AM [vite] ws proxy error:
Error: read ECONNRESET
    at TCP.onStreamRead (node:internal/stream_base_commons:216:20)
3:26:32 AM [vite] ws proxy error:
Error: read ECONNRESET
    at TCP.onStreamRead (node:internal/stream_base_commons:216:20)
3:26:32 AM [vite] ws proxy error:
Error: read ECONNRESET
    at TCP.onStreamRead (node:internal/stream_base_commons:216:20)
3:26:34 AM [vite] ws proxy error:
AggregateError [ECONNREFUSED]: 
    at internalConnectMultiple (node:net:1134:18)
    at afterConnectMultiple (node:net:1715:7)
3:26:37 AM [vite] ws proxy error:
AggregateError [ECONNREFUSED]: 
    at internalConnectMultiple (node:net:1134:18)
    at afterConnectMultiple (node:net:1715:7)
3:26:42 AM [vite] ws proxy error:
AggregateError [ECONNREFUSED]: 
    at internalConnectMultiple (node:net:1134:18)
    at afterConnectMultiple (node:net:1715:7)
3:26:51 AM [vite] ws proxy error:
AggregateError [ECONNREFUSED]: 
    at internalConnectMultiple (node:net:1134:18)
    at afterConnectMultiple (node:net:1715:7)
