.\.venv\Scripts\python.exe : INFO:     Started server process [25548]
At line:15 char:1
+ .\.venv\Scripts\python.exe -m uvicorn app.main:app --port 8000 *> uvi ...
+ ~~~~~~~~~~~~~~~~~~~~~~~~~~~~~~~~~~~~~~~~~~~~~~~~~~~~~~~~~~~~~~~~~~~~~
    + CategoryInfo          : NotSpecified: (INFO:     Started server process [25548]:String) [], RemoteException
    + FullyQualifiedErrorId : NativeCommandError
 
INFO:     Waiting for application startup.
INFO:pcrf_fms:Isolation Forest model loaded (artifacts/isolation_forest_model.pkl)
INFO:apscheduler.scheduler:Adding job tentatively -- it will be properly scheduled when the scheduler starts
INFO:apscheduler.scheduler:Added job "_run_daily_report_job" to job store "default"
INFO:apscheduler.scheduler:Scheduler started
INFO:app.scheduler:Report scheduler started -- daily job at 10:30 UTC
INFO:pcrf_fms:Startup complete: ingest worker + report scheduler running in-process.
WARNING:app.ingest_worker:INGEST_S3_BUCKET is not set -- ingestion worker will not poll S3.
INFO:app.ingest_worker:Ingestion worker started. Polling every 300s.
INFO:     Application startup complete.
ERROR:    [Errno 10048] error while attempting to bind on address ('127.0.0.1', 8000): only one usage of each socket 
address (protocol/network address/port) is normally permitted
INFO:     Waiting for application shutdown.
INFO:pcrf_fms:Shutdown complete.
INFO:apscheduler.scheduler:Scheduler has been shut down
INFO:     Application shutdown complete.
INFO:botocore.credentials:Found credentials in shared credentials file: ~/.aws/credentials
